// Jest Snapshot v1, https://goo.gl/fbAQLP

exports[`<TextBox /> snapshot 1`] = `
<div>
  <div
    class="form-control w-full"
  >
    <input
      class="input input-bordered w-full"
      id="test"
      name="test"
    />
  </div>
</div>
`;
